Microchip MPLAB XC8 Compiler V3.00

Linker command line:

-W-3 --edf=c:\PROGRA~1\MICROC~1\xc8\v3.00\pic\dat\20241204225717_en.msgs \
  -cn -h+PIC_Clock_default_Build_File.sym \
  --cmf=PIC_Clock_default_Build_File.cmf -z -Q16F877A \
  -oC:\Users\mehna\AppData\Local\Temp\xcAsdf4.\driver_tmp_3.o \
  --defsym=__MPLAB_BUILD=1 --fixupoverflow=error -Mmem.map \
  --md=C:\Users\mehna\AppData\Local\Temp\xcAsdf4.\driver_tmp_0.dat -E1 \
  -ver=XC8 Compiler -ACODE=00h-07FFhx4 -ASTRCODE=00h-01FFFh \
  -ASTRING=00h-0FFhx32 -ACONST=00h-0FFhx32 -AENTRY=00h-0FFhx32 \
  -ACOMMON=070h-07Fh -ABANK0=020h-06Fh -ABANK1=0A0h-0EFh \
  -ABANK2=0110h-016Fh -ABANK3=0190h-01EFh \
  -ARAM=020h-06Fh,0A0h-0EFh,0110h-016Fh,0190h-01EFh \
  -AABS1=020h-07Fh,0A0h-0EFh,0110h-016Fh,0190h-01EFh -ASFR0=00h-01Fh \
  -ASFR1=080h-09Fh -ASFR2=0100h-010Fh -ASFR3=0180h-018Fh \
  -ACONFIG=02007h-02007h -DCONFIG=2 -AIDLOC=02000h-02003h -DIDLOC=2 \
  -AEEDATA=00h-0FFh/02100h -peeprom_data=EEDATA -DEEDATA=2 -DCODE=2 \
  -DSTRCODE=2 -DSTRING=2 -DCONST=2 -DENTRY=2 \
  -preset_vec=00h,intentry=04h,sivt,init,end_init -ppowerup=CODE \
  -pcinit=CODE -pfunctab=ENTRY -k \
  C:\Users\mehna\AppData\Local\Temp\xcAsdf4.\driver_tmp_12.o \
  PIC_Clock_default_Build_File.o 

Object code version is 3.11

Machine type is 16F877A



                Name                               Link     Load   Length Selector   Space Scale
C:\Users\mehna\AppData\Local\Temp\xcAsdf4.\driver_tmp_12.o
                end_init                              C        C        3        8       0
                reset_vec                             0        0        3        0       0
PIC_Clock_default_Build_File.o
                cinit                                 F        F        C        8       0
                intentry                              4        4        8        8       0
                text2                               27E      27E       14        8       0
                text1                               266      266       18        8       0
                maintext                             1B       1B      24B        8       0
                cstackBANK0                          20       20        D       20       1
                cstackCOMMON                         70       70        8       70       1
                bssBANK0                             2D       2D        6       20       1

TOTAL           Name                               Link     Load   Length     Space
        CLASS   CODE           
                end_init                              C        C        3         0
                cinit                                 F        F        C         0
                intentry                              4        4        8         0
                reset_vec                             0        0        3         0
                text2                               27E      27E       14         0
                text1                               266      266       18         0
                maintext                             1B       1B      24B         0

        CLASS   STRCODE        

        CLASS   STRING         

        CLASS   CONST          

        CLASS   ENTRY          

        CLASS   COMMON         
                cstackCOMMON                         70       70        8         1

        CLASS   BANK0          
                cstackBANK0                          20       20        D         1
                bssBANK0                             2D       2D        6         1

        CLASS   BANK1          

        CLASS   BANK2          

        CLASS   BANK3          

        CLASS   RAM            

        CLASS   ABS1           
                abs_s1                               7E       7E        2         1

        CLASS   SFR0           

        CLASS   SFR1           

        CLASS   SFR2           

        CLASS   SFR3           

        CLASS   CONFIG         

        CLASS   IDLOC          

        CLASS   EEDATA         

        CLASS   HEAP           

        CLASS   STACK          



SEGMENTS        Name                           Load    Length   Top    Selector   Space  Class     Delta

                reset_vec                      000000  000003  000003         0       0  CODE        2
                intentry                       000004  00028E  000292         8       0  CODE        2
                cstackBANK0                    000020  000013  000033        20       1  BANK0       1
                cstackCOMMON                   000070  000008  000078        70       1  COMMON      1


UNUSED ADDRESS RANGES

        Name                Unused          Largest block    Delta
        BANK0            033-06F            3D           1
        BANK1            0A0-0EF            50           1
        BANK2            110-16F            60           1
        BANK3            190-1EF            60           1
        CODE             003-003             1           2
                         292-1FFF           800
        COMMON           078-07D             6           1
        CONFIG           2007-2007             1           2
        CONST            003-003             1           2
                         292-1FFF           100
        EEDATA           2100-21FF           100           2
        ENTRY            003-003             1           2
                         292-1FFF           100
        IDLOC            2000-2003             4           2
        RAM              033-06F            3D           1
                         0A0-0EF            50
                         110-16F            60
                         190-1EF            60
        SFR0             000-01F            20           1
        SFR1             080-09F            20           1
        SFR2             100-10F            10           1
        SFR3             180-18F            10           1
        STRCODE          003-003             1           2
                         292-1FFF          1D6E
        STRING           003-003             1           2
                         292-1FFF           100

                                  Symbol Table

_CCP1CON                 (abs)        017
_INTCONbits              (abs)        00B
_ISR                     text2        27E
_PIE1bits                (abs)        08C
_PIR1bits                (abs)        00C
_PORTB                   (abs)        006
_PORTCbits               (abs)        007
_PORTDbits               (abs)        008
_T1CON                   (abs)        010
_TMR1H                   (abs)        00F
_TMR1L                   (abs)        00E
_TRISB                   (abs)        086
_TRISCbits               (abs)        087
_TRISDbits               (abs)        088
__H__absolute__          __absolute__ 000
__Habs1                  abs1         000
__Hbank0                 bank0        000
__Hbank1                 bank1        000
__Hbank2                 bank2        000
__Hbank3                 bank3        000
__HbssBANK0              bssBANK0     000
__Hcinit                 cinit        01B
__Hclrtext               clrtext      000
__Hcode                  code         000
__Hcommon                common       000
__HcstackBANK0           cstackBANK0  000
__HcstackCOMMON          cstackCOMMON 000
__Heeprom_data           eeprom_data  000
__Hend_init              end_init     00F
__Hfunctab               functab      000
__Hheap                  heap         000
__Hinit                  init         00C
__Hintentry              intentry     00C
__Hmaintext              maintext     000
__Hpowerup               powerup      000
__Hram                   ram          000
__Hreset_vec             reset_vec    003
__Hsfr0                  sfr0         000
__Hsfr1                  sfr1         000
__Hsfr2                  sfr2         000
__Hsfr3                  sfr3         000
__Hsivt                  sivt         00C
__Hspace_0               (abs)        292
__Hspace_1               (abs)        078
__Hspace_2               (abs)        000
__Hspace_3               (abs)        000
__Hstack                 stack        000
__Hstrings               strings      000
__Htext                  text         000
__L__absolute__          __absolute__ 000
__Labs1                  abs1         000
__Lbank0                 bank0        000
__Lbank1                 bank1        000
__Lbank2                 bank2        000
__Lbank3                 bank3        000
__LbssBANK0              bssBANK0     000
__Lcinit                 cinit        00F
__Lclrtext               clrtext      000
__Lcode                  code         000
__Lcommon                common       000
__LcstackBANK0           cstackBANK0  000
__LcstackCOMMON          cstackCOMMON 000
__Leeprom_data           eeprom_data  000
__Lend_init              end_init     00C
__Lfunctab               functab      000
__Lheap                  heap         000
__Linit                  init         00C
__Lintentry              intentry     004
__Lmaintext              maintext     000
__Lpowerup               powerup      000
__Lram                   ram          000
__Lreset_vec             reset_vec    000
__Lsfr0                  sfr0         000
__Lsfr1                  sfr1         000
__Lsfr2                  sfr2         000
__Lsfr3                  sfr3         000
__Lsivt                  sivt         00C
__Lspace_0               (abs)        000
__Lspace_1               (abs)        000
__Lspace_2               (abs)        000
__Lspace_3               (abs)        000
__Lstack                 stack        000
__Lstrings               strings      000
__Ltext                  text         000
__S0                     (abs)        292
__S1                     (abs)        078
__S3                     (abs)        000
___heap_hi               (abs)        000
___heap_lo               (abs)        000
___int_sp                stack        000
___int_stack_hi          stack        000
___int_stack_lo          stack        000
___latbits               (abs)        002
___sp                    stack        000
___stack_hi              stack        000
___stack_lo              stack        000
___stackhi               (abs)        000
___stacklo               (abs)        000
__end_of_ISR             text2        292
__end_of__initialization cinit        017
__end_of_main            maintext     266
__end_of_showDigit       text1        27E
__initialization         cinit        00F
__pbssBANK0              bssBANK0     02D
__pcstackBANK0           cstackBANK0  020
__pcstackCOMMON          cstackCOMMON 070
__pintentry              intentry     004
__pmaintext              maintext     01B
__ptext1                 text1        266
__ptext2                 text2        27E
_interruptCount          bssBANK0     031
_main                    maintext     01B
_showDigit               text1        266
btemp                    (abs)        07E
end_of_initialization    cinit        017
interrupt_function       intentry     004
intlevel0                functab      000
intlevel1                functab      000
intlevel2                functab      000
intlevel3                functab      000
intlevel4                functab      000
intlevel5                functab      000
main@digit               cstackBANK0  027
main@digitMaxVal         cstackBANK0  022
main@mode                cstackBANK0  023
main@sec                 cstackBANK0  020
main@selectedDigitNo     cstackBANK0  02B
main@x                   cstackBANK0  025
reset_vec                reset_vec    000
saved_w                  (abs)        07E
showDigit@digit          cstackCOMMON 072
start                    init         00C
start_initialization     cinit        00F
wtemp0                   (abs)        07E


MODULE INFORMATION

Module		Function		Class		Link	Load	Size
shared
		__initialization		CODE           	000F	0000	8

shared estimated size: 8

C:\Users\mehna\Documents\MPlab projects\PIC Clock.X\main.c
		_ISR           		CODE           	027E	0000	20
		_showDigit     		CODE           	0266	0000	24
		_main          		CODE           	001B	0000	587

C:\Users\mehna\Documents\MPlab projects\PIC Clock.X\main.c estimated size: 631

